
     Program BANDS v.7.5 starts on 23Sep2026 at  6:14: 8 

     This program is part of the open-source Quantum ESPRESSO suite
     for quantum simulation of materials; please cite
         "P. Giannozzi et al., J. Phys.:Condens. Matter 21 395502 (2009);
         "P. Giannozzi et al., J. Phys.:Condens. Matter 29 465901 (2017);
         "P. Giannozzi et al., J. Chem. Phys. 152 154105 (2020);
          URL http://www.quantum-espresso.org", 
     in publications or presentations arising from this work. More details at
     http://www.quantum-espresso.org/quote

     Parallel version (MPI & OpenMP), running on       1 processor cores
     Number of MPI processes:                 1
     Threads/MPI process:                     1

     MPI processes distributed on     1 nodes
     6288 MiB available memory on the printing compute node when the environment starts


     Reading xml data from directory:

     ./out/pwscf.save/
     file Hg.rel-pbe-spn-rrkjus_psl.1.0.0.UPF: wavefunction(s)  5P 5P renormalized
     file Te.rel-pbe-n-rrkjus_psl.1.0.0.UPF: wavefunction(s)  5S renormalized

     IMPORTANT: XC functional enforced from input :
     Exchange-correlation= PBE
                           (   1   4   3   4   0   0   0)
     Any further DFT definition will be discarded
     Please, verify this is what you really want


     G-vector sticks info
     --------------------
     sticks:   dense  smooth     PW     G-vecs:    dense   smooth      PW
     Sum        3889    2587    721               160549    87555   12627

     Using Slab Decomposition

     Reading collected, re-writing distributed wavefunctions
     high-symmetry point:  0.0000 0.0000 0.0000   x coordinate   0.0000
     high-symmetry point:  0.0000 0.7071 0.0000   x coordinate   0.7071
     high-symmetry point:  0.1768 0.7071 0.1768   x coordinate   0.9571
     high-symmetry point:  0.5303 0.5303 0.0000   x coordinate   1.3901
     high-symmetry point:  0.0000 0.0000 0.0000   x coordinate   2.1401
     high-symmetry point:  0.3536 0.3536 0.3536   x coordinate   2.7525
     high-symmetry point:  0.3536 0.7071 0.0000   x coordinate   3.2525
     high-symmetry point:  0.0000 0.7071 0.0000   x coordinate   3.6060

     Plottable bands (eV) written to file bands.dat.gnu
     Bands written to file bands.dat

     BANDS        :     37.76s CPU   1m27.73s WALL


   This run was terminated on:   6:15:36  23Sep2026            

=------------------------------------------------------------------------------=
   JOB DONE.
=------------------------------------------------------------------------------=
