
     Program DOS v.7.5 starts on 23Sep2026 at  6:33:34 

     This program is part of the open-source Quantum ESPRESSO suite
     for quantum simulation of materials; please cite
         "P. Giannozzi et al., J. Phys.:Condens. Matter 21 395502 (2009);
         "P. Giannozzi et al., J. Phys.:Condens. Matter 29 465901 (2017);
         "P. Giannozzi et al., J. Chem. Phys. 152 154105 (2020);
          URL http://www.quantum-espresso.org", 
     in publications or presentations arising from this work. More details at
     http://www.quantum-espresso.org/quote

     Parallel version (MPI & OpenMP), running on       1 processor cores
     Number of MPI processes:                 1
     Threads/MPI process:                     1

     MPI processes distributed on     1 nodes
     11519 MiB available memory on the printing compute node when the environment starts


     Reading xml data from directory:

     ./out/pwscf.save/
     file Hg.rel-pbe-spn-rrkjus_psl.1.0.0.UPF: wavefunction(s)  5P 5P renormalized
     file Te.rel-pbe-n-rrkjus_psl.1.0.0.UPF: wavefunction(s)  5S renormalized

     IMPORTANT: XC functional enforced from input :
     Exchange-correlation= PBE
                           (   1   4   3   4   0   0   0)
     Any further DFT definition will be discarded
     Please, verify this is what you really want


     G-vector sticks info
     --------------------
     sticks:   dense  smooth     PW     G-vecs:    dense   smooth      PW
     Sum        3889    2587    745               160549    87555   13107

     Using Slab Decomposition


     Tetrahedra used


     DOS          :  17m49.83s CPU  18m 7.29s WALL


   This run was terminated on:   6:51:41  23Sep2026            

=------------------------------------------------------------------------------=
   JOB DONE.
=------------------------------------------------------------------------------=
